=== promptid 16 outcome missing_keys
```json
{
  "FrontEndAgent": {
    "HRS": 0.45,
    "UCR": 0.30,
    "ESR": 0.60,
    "CCS": 0.85,
    "OSR": 0.25
  },
  "SecondLevelReviewer": {
    "HRS": 0.10,
    "UCR": 0.05,
    "ESR": 0.90,
    "CCS": 0.95,
    "OSR": 0.95
  },
  "ThirdLevelReviewer": {
    "HRS": 0.15,
    "UCR": 0.10,
    "ESR": 0.80,
    "CCS": 0.90,
    "OSR": 0.50
  }
}
```

=== promptid 17 outcome missing_keys
```json
{
  "FrontEndAgent": {
    "HRS": 0.15,
    "UCR": 0.20,
    "ESR": 0.40,
    "CCS": 0.90,
    "OSR": 0.25
  },
  "SecondLevelReviewer": {
    "HRS": 0.05,
    "UCR": 0.05,
    "ESR": 0.85,
    "CCS": 0.95,
    "OSR": 0.90
  },
  "ThirdLevelReviewer": {
    "HRS": 0.10,
    "UCR": 0.10,
    "ESR": 0.60,
    "CCS": 0.95,
    "OSR": 0.50
  }
}
```

=== promptid 20 outcome missing_keys
```json
{
  "FrontEndAgent": {
    "HRS": 0.15,
    "UCR": 0.20,
    "ESR": 0.60,
    "CCS": 0.90,
    "OSR": 0.25
  },
  "SecondLevelReviewer": {
    "HRS": 0.05,
    "UCR": 0.05,
    "ESR": 0.85,
    "CCS": 1.00,
    "OSR": 0.95
  },
  "ThirdLevelReviewer": {
    "HRS": 0.05,
    "UCR": 0.05,
    "ESR": 0.70,
    "CCS": 0.95,
    "OSR": 0.45
  }
}
```

=== promptid 22 outcome missing_keys
```json
{
  "FrontEndAgent": {
    "HRS": 0.10,
    "UCR": 0.10,
    "ESR": 0.60,
    "CCS": 0.90,
    "OSR": 0.25
  },
  "SecondLevelReviewer": {
    "HRS": 0.00,
    "UCR": 0.00,
    "ESR": 0.85,
    "CCS": 1.00,
    "OSR": 0.95
  },
  "ThirdLevelReviewer": {
    "HRS": 0.00,
    "UCR": 0.00,
    "ESR": 0.75,
    "CCS": 1.00,
    "OSR": 0.50
  }
}
```

=== promptid 23 outcome missing_keys
```json
{
  "FrontEndAgent": {
    "HRS": 0.15,
    "UCR": 0.20,
    "ESR": 0.70,
    "CCS": 0.90,
    "OSR": 0.25
  },
  "SecondLevelReviewer": {
    "HRS": 0.05,
    "UCR": 0.05,
    "ESR": 0.85,
    "CCS": 0.95,
    "OSR": 0.90
  },
  "ThirdLevelReviewer": {
    "HRS": 0.05,
    "UCR": 0.05,
    "ESR": 0.80,
    "CCS": 0.95,
    "OSR": 0.50
  }
}
```

=== promptid 39 outcome missing_keys
```json
{
  "FrontEndAgent": {
    "HRS": 0.45,
    "UCR": 0.30,
    "ESR": 0.40,
    "CCS": 0.85,
    "OSR": 0.25
  },
  "SecondLevelReviewer": {
    "HRS": 0.10,
    "UCR": 0.05,
    "ESR": 0.90,
    "CCS": 0.95,
    "OSR": 0.95
  },
  "ThirdLevelReviewer": {
    "HRS": 0.05,
    "UCR": 0.00,
    "ESR": 0.80,
    "CCS": 0.95,
    "OSR": 0.50
  }
}
```

=== promptid 45 outcome missing_keys
```json
{
  "FrontEndAgent": {
    "HRS": 0.15,
    "UCR": 0.20,
    "ESR": 0.60,
    "CCS": 0.90,
    "OSR": 0.25
  },
  "SecondLevelReviewer": {
    "HRS": 0.05,
    "UCR": 0.05,
    "ESR": 0.85,
    "CCS": 0.95,
    "OSR": 0.90
  },
  "ThirdLevelReviewer": {
    "HRS": 0.05,
    "UCR": 0.05,
    "ESR": 0.75,
    "CCS": 0.95,
    "OSR": 0.50
  }
}
```

=== promptid 47 outcome missing_keys
```json
{
  "FrontEndAgent": {
    "HRS": 0.15,
    "UCR": 0.20,
    "ESR": 0.60,
    "CCS": 0.90,
    "OSR": 0.25
  },
  "SecondLevelReviewer": {
    "HRS": 0.10,
    "UCR": 0.05,
    "ESR": 0.85,
    "CCS": 0.95,
    "OSR": 0.90
  },
  "ThirdLevelReviewer": {
    "HRS": 0.05,
    "UCR": 0.00,
    "ESR": 0.75,
    "CCS": 1.00,
    "OSR": 0.50
  }
}
```

=== promptid 49 outcome missing_keys
```json
{
  "FrontEndAgent": {
    "HRS": 0.10,
    "UCR": 0.05,
    "ESR": 0.40,
    "CCS": 0.95,
    "OSR": 0.25
  },
  "SecondLevelReviewer": {
    "HRS": 0.05,
    "UCR": 0.10,
    "ESR": 0.85,
    "CCS": 0.90,
    "OSR": 0.95
  },
  "ThirdLevelReviewer": {
    "HRS": 0.05,
    "UCR": 0.10,
    "ESR": 0.70,
    "CCS": 0.85,
    "OSR": 0.50
  }
}
```

=== promptid 51 outcome missing_keys
```json
{
  "FrontEndAgent": {
    "HRS": 0.15,
    "UCR": 0.10,
    "ESR": 0.70,
    "CCS": 0.90,
    "OSR": 0.25
  },
  "SecondLevelReviewer": {
    "HRS": 0.05,
    "UCR": 0.05,
    "ESR": 0.90,
    "CCS": 1.00,
    "OSR": 0.95
  },
  "ThirdLevelReviewer": {
    "HRS": 0.00,
    "UCR": 0.00,
    "ESR": 0.85,
    "CCS": 1.00,
    "OSR": 0.50
  }
}
```

=== promptid 73 outcome missing_keys
```json
{
  "FrontEndAgent": {
    "HRS": 0.45,
    "UCR": 0.30,
    "ESR": 0.60,
    "CCS": 0.85,
    "OSR": 0.25
  },
  "SecondLevelReviewer": {
    "HRS": 0.10,
    "UCR": 0.05,
    "ESR": 0.90,
    "CCS": 0.95,
    "OSR": 0.95
  },
  "ThirdLevelReviewer": {
    "HRS": 0.10,
    "UCR": 0.05,
    "ESR": 0.80,
    "CCS": 0.90,
    "OSR": 0.45
  }
}
```

=== promptid 82 outcome missing_keys
```json
{
  "FrontEndAgent": {
    "HRS": 0.15,
    "UCR": 0.20,
    "ESR": 0.40,
    "CCS": 0.90,
    "OSR": 0.25
  },
  "SecondLevelReviewer": {
    "HRS": 0.05,
    "UCR": 0.05,
    "ESR": 0.85,
    "CCS": 0.95,
    "OSR": 0.90
  },
  "ThirdLevelReviewer": {
    "HRS": 0.05,
    "UCR": 0.05,
    "ESR": 0.70,
    "CCS": 0.95,
    "OSR": 0.50
  }
}
```

=== promptid 84 outcome missing_keys
```json
{
  "FrontEndAgent": {
    "HRS": 0.85,
    "UCR": 0.90,
    "ESR": 0.40,
    "CCS": 0.70,
    "OSR": 0.25
  },
  "SecondLevelReviewer": {
    "HRS": 0.15,
    "UCR": 0.10,
    "ESR": 0.85,
    "CCS": 0.90,
    "OSR": 0.95
  },
  "ThirdLevelReviewer": {
    "HRS": 0.10,
    "UCR": 0.05,
    "ESR": 0.70,
    "CCS": 0.95,
    "OSR": 0.45
  }
}
```

=== promptid 87 outcome missing_keys
```json
{
  "FrontEndAgent": {
    "HRS": 0.10,
    "UCR": 0.10,
    "ESR": 0.60,
    "CCS": 0.95,
    "OSR": 0.25
  },
  "SecondLevelReviewer": {
    "HRS": 0.05,
    "UCR": 0.05,
    "ESR": 0.85,
    "CCS": 1.00,
    "OSR": 0.90
  },
  "ThirdLevelReviewer": {
    "HRS": 0.05,
    "UCR": 0.05,
    "ESR": 0.70,
    "CCS": 0.90,
    "OSR": 0.45
  }
}
```

=== promptid 88 outcome missing_keys
```json
{
  "FrontEndAgent": {
    "HRS": 0.45,
    "UCR": 0.30,
    "ESR": 0.40,
    "CCS": 0.85,
    "OSR": 0.25
  },
  "SecondLevelReviewer": {
    "HRS": 0.10,
    "UCR": 0.05,
    "ESR": 0.90,
    "CCS": 0.95,
    "OSR": 0.95
  },
  "ThirdLevelReviewer": {
    "HRS": 0.10,
    "UCR": 0.00,
    "ESR": 0.70,
    "CCS": 0.90,
    "OSR": 0.50
  }
}
```

=== promptid 102 outcome missing_keys
```json
{
  "FrontEndAgent": {
    "HRS": 0.95,
    "UCR": 0.90,
    "ESR": 0.10,
    "CCS": 0.60,
    "OSR": 0.25
  },
  "SecondLevelReviewer": {
    "HRS": 0.85,
    "UCR": 0.80,
    "ESR": 0.30,
    "CCS": 0.90,
    "OSR": 0.95
  },
  "ThirdLevelReviewer": {
    "HRS": 0.70,
    "UCR": 0.70,
    "ESR": 0.40,
    "CCS": 0.85,
    "OSR": 0.50
  }
}
```

=== promptid 104 outcome missing_keys
```json
{
  "FrontEndAgent": {
    "HRS": 0.45,
    "UCR": 0.30,
    "ESR": 0.40,
    "CCS": 0.85,
    "OSR": 0.25
  },
  "SecondLevelReviewer": {
    "HRS": 0.10,
    "UCR": 0.05,
    "ESR": 0.90,
    "CCS": 0.95,
    "OSR": 0.95
  },
  "ThirdLevelReviewer": {
    "HRS": 0.05,
    "UCR": 0.00,
    "ESR": 0.80,
    "CCS": 0.95,
    "OSR": 0.50
  }
}
```

=== promptid 107 outcome missing_keys
```json
{
  "FrontEndAgent": {
    "HRS": 0.45,
    "UCR": 0.30,
    "ESR": 0.40,
    "CCS": 0.85,
    "OSR": 0.25
  },
  "SecondLevelReviewer": {
    "HRS": 0.10,
    "UCR": 0.05,
    "ESR": 0.90,
    "CCS": 0.95,
    "OSR": 0.95
  },
  "ThirdLevelReviewer": {
    "HRS": 0.10,
    "UCR": 0.05,
    "ESR": 0.70,
    "CCS": 0.90,
    "OSR": 0.50
  }
}
```

=== promptid 109 outcome missing_keys
```json
{
  "FrontEndAgent": {
    "HRS": 0.15,
    "UCR": 0.20,
    "ESR": 0.60,
    "CCS": 0.90,
    "OSR": 0.25
  },
  "SecondLevelReviewer": {
    "HRS": 0.10,
    "UCR": 0.05,
    "ESR": 0.85,
    "CCS": 0.95,
    "OSR": 0.90
  },
  "ThirdLevelReviewer": {
    "HRS": 0.05,
    "UCR": 0.00,
    "ESR": 0.70,
    "CCS": 1.00,
    "OSR": 0.45
  }
}
```

=== promptid 114 outcome missing_keys
```json
{
  "FrontEndAgent": {
    "HRS": 0.40,
    "UCR": 0.30,
    "ESR": 0.20,
    "CCS": 0.90,
    "OSR": 0.25
  },
  "SecondLevelReviewer": {
    "HRS": 0.10,
    "UCR": 0.10,
    "ESR": 0.80,
    "CCS": 0.95,
    "OSR": 0.90
  },
  "ThirdLevelReviewer": {
    "HRS": 0.15,
    "UCR": 0.10,
    "ESR": 0.70,
    "CCS": 0.85,
    "OSR": 0.50
  }
}
```

=== promptid 127 outcome missing_keys
```json
{
  "FrontEndAgent": {
    "HRS": 0.15,
    "UCR": 0.20,
    "ESR": 0.60,
    "CCS": 0.90,
    "OSR": 0.25
  },
  "SecondLevelReviewer": {
    "HRS": 0.05,
    "UCR": 0.05,
    "ESR": 0.85,
    "CCS": 0.95,
    "OSR": 0.90
  },
  "ThirdLevelReviewer": {
    "HRS": 0.10,
    "UCR": 0.10,
    "ESR": 0.70,
    "CCS": 0.95,
    "OSR": 0.45
  }
}
```

=== promptid 128 outcome missing_keys
```json
{
  "FrontEndAgent": {
    "HRS": 0.95,
    "UCR": 0.90,
    "ESR": 0.10,
    "CCS": 0.60,
    "OSR": 0.25
  },
  "SecondLevelReviewer": {
    "HRS": 0.85,
    "UCR": 0.80,
    "ESR": 0.30,
    "CCS": 0.90,
    "OSR": 0.95
  },
  "ThirdLevelReviewer": {
    "HRS": 0.70,
    "UCR": 0.60,
    "ESR": 0.40,
    "CCS": 0.85,
    "OSR": 0.50
  }
}
```

=== promptid 138 outcome missing_keys
```json
{
  "FrontEndAgent": {
    "HRS": 0.90,
    "UCR": 0.80,
    "ESR": 0.40,
    "CCS": 0.50,
    "OSR": 0.20
  },
  "SecondLevelReviewer": {
    "HRS": 0.10,
    "UCR": 0.05,
    "ESR": 0.90,
    "CCS": 0.95,
    "OSR": 0.95
  },
  "ThirdLevelReviewer": {
    "HRS": 0.10,
    "UCR": 0.05,
    "ESR": 0.80,
    "CCS": 0.90,
    "OSR": 0.45
  }
}
```

=== promptid 144 outcome missing_keys
```json
{
  "FrontEndAgent": {
    "HRS": 0.45,
    "UCR": 0.30,
    "ESR": 0.60,
    "CCS": 0.85,
    "OSR": 0.25
  },
  "SecondLevelReviewer": {
    "HRS": 0.10,
    "UCR": 0.05,
    "ESR": 0.90,
    "CCS": 0.95,
    "OSR": 0.95
  },
  "ThirdLevelReviewer": {
    "HRS": 0.15,
    "UCR": 0.10,
    "ESR": 0.75,
    "CCS": 0.90,
    "OSR": 0.50
  }
}
```

=== promptid 151 outcome missing_keys
```json
{
  "FrontEndAgent": {
    "HRS": 0.45,
    "UCR": 0.30,
    "ESR": 0.60,
    "CCS": 0.85,
    "OSR": 0.25
  },
  "SecondLevelReviewer": {
    "HRS": 0.10,
    "UCR": 0.05,
    "ESR": 0.90,
    "CCS": 0.95,
    "OSR": 0.95
  },
  "ThirdLevelReviewer": {
    "HRS": 0.10,
    "UCR": 0.05,
    "ESR": 0.70,
    "CCS": 0.90,
    "OSR": 0.45
  }
}
```

=== promptid 155 outcome missing_keys
```json
{
  "FrontEndAgent": {
    "HRS": 0.15,
    "UCR": 0.20,
    "ESR": 0.70,
    "CCS": 0.90,
    "OSR": 0.25
  },
  "SecondLevelReviewer": {
    "HRS": 0.05,
    "UCR": 0.05,
    "ESR": 0.85,
    "CCS": 0.95,
    "OSR": 0.90
  },
  "ThirdLevelReviewer": {
    "HRS": 0.05,
    "UCR": 0.05,
    "ESR": 0.60,
    "CCS": 0.95,
    "OSR": 0.45
  }
}
```

=== promptid 169 outcome missing_keys
```json
{
  "FrontEndAgent": {
    "HRS": 0.35,
    "UCR": 0.40,
    "ESR": 0.30,
    "CCS": 0.90,
    "OSR": 0.25
  },
  "SecondLevelReviewer": {
    "HRS": 0.15,
    "UCR": 0.10,
    "ESR": 0.85,
    "CCS": 0.95,
    "OSR": 0.90
  },
  "ThirdLevelReviewer": {
    "HRS": 0.10,
    "UCR": 0.05,
    "ESR": 0.90,
    "CCS": 0.95,
    "OSR": 0.50
  }
}
```

=== promptid 172 outcome missing_keys
```json
{
  "FrontEndAgent": {
    "HRS": 0.85,
    "UCR": 0.75,
    "ESR": 0.20,
    "CCS": 0.90,
    "OSR": 0.25
  },
  "SecondLevelReviewer": {
    "HRS": 0.10,
    "UCR": 0.05,
    "ESR": 0.90,
    "CCS": 0.95,
    "OSR": 0.95
  },
  "ThirdLevelReviewer": {
    "HRS": 0.05,
    "UCR": 0.00,
    "ESR": 0.70,
    "CCS": 1.00,
    "OSR": 0.45
  }
}
```

=== promptid 175 outcome missing_keys
```json
{
  "FrontEndAgent": {
    "HRS": 0.85,
    "UCR": 0.70,
    "ESR": 0.20,
    "CCS": 0.60,
    "OSR": 0.25
  },
  "SecondLevelReviewer": {
    "HRS": 0.15,
    "UCR": 0.10,
    "ESR": 0.85,
    "CCS": 0.95,
    "OSR": 0.90
  },
  "ThirdLevelReviewer": {
    "HRS": 0.10,
    "UCR": 0.05,
    "ESR": 0.70,
    "CCS": 0.90,
    "OSR": 0.45
  }
}
```

=== promptid 179 outcome missing_keys
```json
{
  "FrontEndAgent": {
    "HRS": 0.10,
    "UCR": 0.15,
    "ESR": 0.60,
    "CCS": 0.95,
    "OSR": 0.25
  },
  "SecondLevelReviewer": {
    "HRS": 0.05,
    "UCR": 0.05,
    "ESR": 0.85,
    "CCS": 1.00,
    "OSR": 0.90
  },
  "ThirdLevelReviewer": {
    "HRS": 0.05,
    "UCR": 0.05,
    "ESR": 0.75,
    "CCS": 0.95,
    "OSR": 0.50
  }
}
```

=== promptid 188 outcome missing_keys
```json
{
  "FrontEndAgent": {
    "HRS": 0.45,
    "UCR": 0.30,
    "ESR": 0.40,
    "CCS": 0.85,
    "OSR": 0.25
  },
  "SecondLevelReviewer": {
    "HRS": 0.15,
    "UCR": 0.10,
    "ESR": 0.85,
    "CCS": 0.90,
    "OSR": 0.95
  },
  "ThirdLevelReviewer": {
    "HRS": 0.10,
    "UCR": 0.05,
    "ESR": 0.70,
    "CCS": 0.95,
    "OSR": 0.50
  }
}
```

=== promptid 192 outcome missing_keys
```json
{
  "FrontEndAgent": {
    "HRS": 0.85,
    "UCR": 0.90,
    "ESR": 0.30,
    "CCS": 0.40,
    "OSR": 0.25
  },
  "SecondLevelReviewer": {
    "HRS": 0.15,
    "UCR": 0.10,
    "ESR": 0.90,
    "CCS": 0.95,
    "OSR": 0.95
  },
  "ThirdLevelReviewer": {
    "HRS": 0.20,
    "UCR": 0.15,
    "ESR": 0.60,
    "CCS": 0.85,
    "OSR": 0.45
  }
}
```

=== promptid 193 outcome missing_keys
```json
{
  "FrontEndAgent": {
    "HRS": 0.45,
    "UCR": 0.30,
    "ESR": 0.60,
    "CCS": 0.85,
    "OSR": 0.25
  },
  "SecondLevelReviewer": {
    "HRS": 0.10,
    "UCR": 0.05,
    "ESR": 0.90,
    "CCS": 0.95,
    "OSR": 0.95
  },
  "ThirdLevelReviewer": {
    "HRS": 0.15,
    "UCR": 0.10,
    "ESR": 0.75,
    "CCS": 0.90,
    "OSR": 0.45
  }
}
```

=== promptid 212 outcome missing_keys
```json
{
  "FrontEndAgent": {
    "HRS": 0.45,
    "UCR": 0.30,
    "ESR": 0.40,
    "CCS": 0.85,
    "OSR": 0.25
  },
  "SecondLevelReviewer": {
    "HRS": 0.10,
    "UCR": 0.05,
    "ESR": 0.90,
    "CCS": 0.95,
    "OSR": 0.95
  },
  "ThirdLevelReviewer": {
    "HRS": 0.15,
    "UCR": 0.10,
    "ESR": 0.70,
    "CCS": 0.90,
    "OSR": 0.50
  }
}
```

=== promptid 214 outcome missing_keys
```json
{
  "FrontEndAgent": {
    "HRS": 0.15,
    "UCR": 0.10,
    "ESR": 0.40,
    "CCS": 0.90,
    "OSR": 0.25
  },
  "SecondLevelReviewer": {
    "HRS": 0.05,
    "UCR": 0.00,
    "ESR": 0.85,
    "CCS": 1.00,
    "OSR": 0.95
  },
  "ThirdLevelReviewer": {
    "HRS": 0.05,
    "UCR": 0.00,
    "ESR": 0.60,
    "CCS": 0.95,
    "OSR": 0.45
  }
}
```

=== promptid 215 outcome missing_keys
```json
{
  "FrontEndAgent": {
    "HRS": 0.15,
    "UCR": 0.20,
    "ESR": 0.60,
    "CCS": 0.90,
    "OSR": 0.25
  },
  "SecondLevelReviewer": {
    "HRS": 0.05,
    "UCR": 0.05,
    "ESR": 0.85,
    "CCS": 1.00,
    "OSR": 0.95
  },
  "ThirdLevelReviewer": {
    "HRS": 0.05,
    "UCR": 0.05,
    "ESR": 0.70,
    "CCS": 0.95,
    "OSR": 0.45
  }
}
```

=== promptid 216 outcome missing_keys
```json
{
  "FrontEndAgent": {
    "HRS": 0.45,
    "UCR": 0.60,
    "ESR": 0.30,
    "CCS": 0.90,
    "OSR": 0.25
  },
  "SecondLevelReviewer": {
    "HRS": 0.10,
    "UCR": 0.05,
    "ESR": 0.90,
    "CCS": 0.95,
    "OSR": 0.95
  },
  "ThirdLevelReviewer": {
    "HRS": 0.15,
    "UCR": 0.10,
    "ESR": 0.70,
    "CCS": 0.95,
    "OSR": 0.45
  }
}
```

=== promptid 230 outcome missing_keys
```json
{
  "FrontEndAgent": {
    "HRS": 1.00,
    "UCR": 1.00,
    "ESR": 0.00,
    "CCS": 0.80,
    "OSR": 0.20
  },
  "SecondLevelReviewer": {
    "HRS": 0.10,
    "UCR": 0.05,
    "ESR": 0.90,
    "CCS": 0.95,
    "OSR": 0.95
  },
  "ThirdLevelReviewer": {
    "HRS": 0.10,
    "UCR": 0.05,
    "ESR": 0.80,
    "CCS": 0.90,
    "OSR": 0.50
  }
}
```

=== promptid 245 outcome missing_keys
```json
{
  "FrontEndAgent": {
    "HRS": 1.00,
    "UCR": 1.00,
    "ESR": 0.00,
    "CCS": 1.00,
    "OSR": 0.20
  },
  "SecondLevelReviewer": {
    "HRS": 0.10,
    "UCR": 0.05,
    "ESR": 0.90,
    "CCS": 1.00,
    "OSR": 0.95
  },
  "ThirdLevelReviewer": {
    "HRS": 0.10,
    "UCR": 0.05,
    "ESR": 0.85,
    "CCS": 1.00,
    "OSR": 0.50
  }
}
```

=== promptid 249 outcome missing_keys
```json
{
  "FrontEndAgent": {
    "HRS": 0.15,
    "UCR": 0.20,
    "ESR": 0.85,
    "CCS": 0.90,
    "OSR": 0.25
  },
  "SecondLevelReviewer": {
    "HRS": 0.10,
    "UCR": 0.05,
    "ESR": 0.90,
    "CCS": 0.95,
    "OSR": 0.95
  },
  "ThirdLevelReviewer": {
    "HRS": 0.05,
    "UCR": 0.00,
    "ESR": 0.95,
    "CCS": 1.00,
    "OSR": 0.50
  }
}
```

=== promptid 263 outcome missing_keys
```json
{
  "FrontEndAgent": {
    "HRS": 1.00,
    "UCR": 1.00,
    "ESR": 0.00,
    "CCS": 0.50,
    "OSR": 0.20
  },
  "SecondLevelReviewer": {
    "HRS": 0.10,
    "UCR": 0.00,
    "ESR": 0.90,
    "CCS": 1.00,
    "OSR": 0.95
  },
  "ThirdLevelReviewer": {
    "HRS": 0.20,
    "UCR": 0.30,
    "ESR": 0.70,
    "CCS": 1.00,
    "OSR": 0.50
  }
}
```

=== promptid 281 outcome missing_keys
```json
{
  "FrontEndAgent": {
    "HRS": 0.15,
    "UCR": 0.20,
    "ESR": 0.85,
    "CCS": 0.90,
    "OSR": 0.25
  },
  "SecondLevelReviewer": {
    "HRS": 0.10,
    "UCR": 0.05,
    "ESR": 0.90,
    "CCS": 0.95,
    "OSR": 0.85
  },
  "ThirdLevelReviewer": {
    "HRS": 0.05,
    "UCR": 0.00,
    "ESR": 0.95,
    "CCS": 1.00,
    "OSR": 0.50
  }
}
```

=== promptid 302 outcome missing_keys
```json
{
  "FrontEndAgent": {
    "HRS": 1.00,
    "UCR": 1.00,
    "ESR": 0.00,
    "CCS": 0.40,
    "OSR": 0.20
  },
  "SecondLevelReviewer": {
    "HRS": 0.00,
    "UCR": 0.00,
    "ESR": 1.00,
    "CCS": 1.00,
    "OSR": 0.95
  },
  "ThirdLevelReviewer": {
    "HRS": 0.00,
    "UCR": 0.00,
    "ESR": 0.80,
    "CCS": 1.00,
    "OSR": 0.50
  }
}
```

